mod	trans_guid	split_guid	time_now	date_entered	date_posted	acc_guid	acc_name	num	description	notes	memo	action	reconciled	amount	value	date_reconciled
-----------------
===== START
===== END
===== START
C	659a2546b48045628170f32c4f455668	383c7e3c08e34ca889d280618e7f7079	2024-04-05 05:38:44	2019-12-25 11:47:33	2019-12-25 10:59:00	f9df8197d3194edfb63f3ba2eb17ebf6	73bac7009a4c42788ff6c52b08151fe5		Tzg Kira Ödemesi Ocak 2020 - Salih Kaymak				n	0/1	0/100	1970-01-01 00:00:00
C	659a2546b48045628170f32c4f455668	77b9f31b46444b74acd7abd3e33ed9a5	2024-04-05 05:38:44	2019-12-25 11:47:33	2019-12-25 10:59:00	f9df8197d3194edfb63f3ba2eb17ebf6	73bac7009a4c42788ff6c52b08151fe5		Tzg Kira Ödemesi Ocak 2020 - Salih Kaymak				n	0/1	0/100	1970-01-01 00:00:00
===== END
===== START
B	659a2546b48045628170f32c4f455668	383c7e3c08e34ca889d280618e7f7079	2024-04-05 05:38:44	2019-12-25 11:47:33	2019-12-25 10:59:00	f9df8197d3194edfb63f3ba2eb17ebf6	73bac7009a4c42788ff6c52b08151fe5		Tzg Kira Ödemesi Ocak 2020 - Salih Kaymak				n	0/1	0/100	1970-01-01 00:00:00
B	659a2546b48045628170f32c4f455668	77b9f31b46444b74acd7abd3e33ed9a5	2024-04-05 05:38:44	2019-12-25 11:47:33	2019-12-25 10:59:00	f9df8197d3194edfb63f3ba2eb17ebf6	73bac7009a4c42788ff6c52b08151fe5		Tzg Kira Ödemesi Ocak 2020 - Salih Kaymak				n	0/1	0/100	1970-01-01 00:00:00
===== END
===== START
C	659a2546b48045628170f32c4f455668	383c7e3c08e34ca889d280618e7f7079	2024-04-05 05:38:44	2024-04-05 05:38:44	2020-03-21 10:59:00	8db7671b8b2d47a0823b663e01ce6edc	2 TZG Salih Kaymak 		Tzg Kira Ödemesi Ocak 2020 - Salih Kaymak				n	80000/100	80000/100	1970-01-01 00:00:00
C	659a2546b48045628170f32c4f455668	77b9f31b46444b74acd7abd3e33ed9a5	2024-04-05 05:38:44	2024-04-05 05:38:44	2020-03-21 10:59:00	3fe60e48253e4208b4394cab587558c9	2 GLR TZG		Tzg Kira Ödemesi Ocak 2020 - Salih Kaymak				n	-80000/100	-80000/100	1970-01-01 00:00:00
===== END
===== START
===== END
===== START
C	c2b35a437ab04e7aa4e5aa905cdf9f40	b5c963855963440fa0056ddae59fff9a	2024-04-05 05:38:44	2019-12-25 11:47:33	2019-12-25 10:59:00	f9df8197d3194edfb63f3ba2eb17ebf6	73bac7009a4c42788ff6c52b08151fe5		Tzg Kira Ödemesi Ocak 2020 - Salih Kaymak				n	0/1	0/100	1970-01-01 00:00:00
C	c2b35a437ab04e7aa4e5aa905cdf9f40	94a6d387e5e8407088274a138dd4ef82	2024-04-05 05:38:44	2019-12-25 11:47:33	2019-12-25 10:59:00	f9df8197d3194edfb63f3ba2eb17ebf6	73bac7009a4c42788ff6c52b08151fe5		Tzg Kira Ödemesi Ocak 2020 - Salih Kaymak				n	0/1	0/100	1970-01-01 00:00:00
===== END
===== START
B	c2b35a437ab04e7aa4e5aa905cdf9f40	b5c963855963440fa0056ddae59fff9a	2024-04-05 05:38:44	2019-12-25 11:47:33	2019-12-25 10:59:00	f9df8197d3194edfb63f3ba2eb17ebf6	73bac7009a4c42788ff6c52b08151fe5		Tzg Kira Ödemesi Ocak 2020 - Salih Kaymak				n	0/1	0/100	1970-01-01 00:00:00
B	c2b35a437ab04e7aa4e5aa905cdf9f40	94a6d387e5e8407088274a138dd4ef82	2024-04-05 05:38:44	2019-12-25 11:47:33	2019-12-25 10:59:00	f9df8197d3194edfb63f3ba2eb17ebf6	73bac7009a4c42788ff6c52b08151fe5		Tzg Kira Ödemesi Ocak 2020 - Salih Kaymak				n	0/1	0/100	1970-01-01 00:00:00
===== END
===== START
C	c2b35a437ab04e7aa4e5aa905cdf9f40	b5c963855963440fa0056ddae59fff9a	2024-04-05 05:38:44	2024-04-05 05:38:44	2020-04-21 10:59:00	8db7671b8b2d47a0823b663e01ce6edc	2 TZG Salih Kaymak 		Tzg Kira Ödemesi Ocak 2020 - Salih Kaymak				n	80000/100	80000/100	1970-01-01 00:00:00
C	c2b35a437ab04e7aa4e5aa905cdf9f40	94a6d387e5e8407088274a138dd4ef82	2024-04-05 05:38:44	2024-04-05 05:38:44	2020-04-21 10:59:00	3fe60e48253e4208b4394cab587558c9	2 GLR TZG		Tzg Kira Ödemesi Ocak 2020 - Salih Kaymak				n	-80000/100	-80000/100	1970-01-01 00:00:00
===== END
===== START
===== END
===== START
C	f3a937a9c8b3454c92b7f5d08fb8d695	26d12dcc160244c39ceb1f80f031def3	2024-04-05 05:38:44	2019-12-25 12:43:45	2019-12-25 10:59:00	dc915ca945be4e72ab274fdae19390c0	ba301b88a00f4cd6b3b7431e4a004386		2020 1/8 Sny55 Kira Bedeli				n	0/1	0/100	1970-01-01 00:00:00
C	f3a937a9c8b3454c92b7f5d08fb8d695	d0aab86016c548179fabad3f1d605808	2024-04-05 05:38:44	2019-12-25 12:43:45	2019-12-25 10:59:00	dc915ca945be4e72ab274fdae19390c0	ba301b88a00f4cd6b3b7431e4a004386		2020 1/8 Sny55 Kira Bedeli				n	0/1	0/100	1970-01-01 00:00:00
===== END
===== START
B	f3a937a9c8b3454c92b7f5d08fb8d695	26d12dcc160244c39ceb1f80f031def3	2024-04-05 05:38:44	2019-12-25 12:43:45	2019-12-25 10:59:00	dc915ca945be4e72ab274fdae19390c0	ba301b88a00f4cd6b3b7431e4a004386		2020 1/8 Sny55 Kira Bedeli				n	0/1	0/100	1970-01-01 00:00:00
B	f3a937a9c8b3454c92b7f5d08fb8d695	d0aab86016c548179fabad3f1d605808	2024-04-05 05:38:44	2019-12-25 12:43:45	2019-12-25 10:59:00	dc915ca945be4e72ab274fdae19390c0	ba301b88a00f4cd6b3b7431e4a004386		2020 1/8 Sny55 Kira Bedeli				n	0/1	0/100	1970-01-01 00:00:00
===== END
===== START
C	f3a937a9c8b3454c92b7f5d08fb8d695	26d12dcc160244c39ceb1f80f031def3	2024-04-05 05:38:44	2024-04-05 05:38:44	2020-01-24 10:59:00	77fc17bb76f3477b993b48d95fc32cf0	127 Sny55 Habip Yıldırım		2020 1/8 Sny55 Kira Bedeli				n	100000/100	100000/100	1970-01-01 00:00:00
C	f3a937a9c8b3454c92b7f5d08fb8d695	d0aab86016c548179fabad3f1d605808	2024-04-05 05:38:44	2024-04-05 05:38:44	2020-01-24 10:59:00	9ee677e8d3a04ed78d0894f9f03a91c5	1 GLR Sny55		2020 1/8 Sny55 Kira Bedeli				n	-100000/100	-100000/100	1970-01-01 00:00:00
===== END
===== START
===== END
===== START
C	6e65cb15017a4bae9afaf8595c74649f	756bb8b63fe1402fb24da5735ccc4913	2024-04-05 05:38:44	2019-12-25 12:43:45	2019-12-25 10:59:00	dc915ca945be4e72ab274fdae19390c0	ba301b88a00f4cd6b3b7431e4a004386		2020 1/8 Sny55 Kira Bedeli				n	0/1	0/100	1970-01-01 00:00:00
C	6e65cb15017a4bae9afaf8595c74649f	9ae4ebfbf5ce4d489e569b2d4ae0bfbd	2024-04-05 05:38:44	2019-12-25 12:43:45	2019-12-25 10:59:00	dc915ca945be4e72ab274fdae19390c0	ba301b88a00f4cd6b3b7431e4a004386		2020 1/8 Sny55 Kira Bedeli				n	0/1	0/100	1970-01-01 00:00:00
===== END
===== START
B	6e65cb15017a4bae9afaf8595c74649f	756bb8b63fe1402fb24da5735ccc4913	2024-04-05 05:38:44	2019-12-25 12:43:45	2019-12-25 10:59:00	dc915ca945be4e72ab274fdae19390c0	ba301b88a00f4cd6b3b7431e4a004386		2020 1/8 Sny55 Kira Bedeli				n	0/1	0/100	1970-01-01 00:00:00
B	6e65cb15017a4bae9afaf8595c74649f	9ae4ebfbf5ce4d489e569b2d4ae0bfbd	2024-04-05 05:38:44	2019-12-25 12:43:45	2019-12-25 10:59:00	dc915ca945be4e72ab274fdae19390c0	ba301b88a00f4cd6b3b7431e4a004386		2020 1/8 Sny55 Kira Bedeli				n	0/1	0/100	1970-01-01 00:00:00
===== END
===== START
C	6e65cb15017a4bae9afaf8595c74649f	756bb8b63fe1402fb24da5735ccc4913	2024-04-05 05:38:44	2024-04-05 05:38:44	2020-02-24 10:59:00	77fc17bb76f3477b993b48d95fc32cf0	127 Sny55 Habip Yıldırım		2020 1/8 Sny55 Kira Bedeli				n	100000/100	100000/100	1970-01-01 00:00:00
C	6e65cb15017a4bae9afaf8595c74649f	9ae4ebfbf5ce4d489e569b2d4ae0bfbd	2024-04-05 05:38:44	2024-04-05 05:38:44	2020-02-24 10:59:00	9ee677e8d3a04ed78d0894f9f03a91c5	1 GLR Sny55		2020 1/8 Sny55 Kira Bedeli				n	-100000/100	-100000/100	1970-01-01 00:00:00
===== END
===== START
===== END
===== START
C	337c2d40eece41238be2849ea2c54380	fd88d190a0714ecab510c32c7e49a76a	2024-04-05 05:38:44	2019-12-25 12:43:45	2019-12-25 10:59:00	dc915ca945be4e72ab274fdae19390c0	ba301b88a00f4cd6b3b7431e4a004386		2020 1/8 Sny55 Kira Bedeli				n	0/1	0/100	1970-01-01 00:00:00
C	337c2d40eece41238be2849ea2c54380	27cacc5c198541489124862f68fc0c54	2024-04-05 05:38:44	2019-12-25 12:43:45	2019-12-25 10:59:00	dc915ca945be4e72ab274fdae19390c0	ba301b88a00f4cd6b3b7431e4a004386		2020 1/8 Sny55 Kira Bedeli				n	0/1	0/100	1970-01-01 00:00:00
===== END
===== START
B	337c2d40eece41238be2849ea2c54380	fd88d190a0714ecab510c32c7e49a76a	2024-04-05 05:38:44	2019-12-25 12:43:45	2019-12-25 10:59:00	dc915ca945be4e72ab274fdae19390c0	ba301b88a00f4cd6b3b7431e4a004386		2020 1/8 Sny55 Kira Bedeli				n	0/1	0/100	1970-01-01 00:00:00
B	337c2d40eece41238be2849ea2c54380	27cacc5c198541489124862f68fc0c54	2024-04-05 05:38:44	2019-12-25 12:43:45	2019-12-25 10:59:00	dc915ca945be4e72ab274fdae19390c0	ba301b88a00f4cd6b3b7431e4a004386		2020 1/8 Sny55 Kira Bedeli				n	0/1	0/100	1970-01-01 00:00:00
===== END
===== START
C	337c2d40eece41238be2849ea2c54380	fd88d190a0714ecab510c32c7e49a76a	2024-04-05 05:38:44	2024-04-05 05:38:44	2020-03-24 10:59:00	77fc17bb76f3477b993b48d95fc32cf0	127 Sny55 Habip Yıldırım		2020 1/8 Sny55 Kira Bedeli				n	100000/100	100000/100	1970-01-01 00:00:00
C	337c2d40eece41238be2849ea2c54380	27cacc5c198541489124862f68fc0c54	2024-04-05 05:38:44	2024-04-05 05:38:44	2020-03-24 10:59:00	9ee677e8d3a04ed78d0894f9f03a91c5	1 GLR Sny55		2020 1/8 Sny55 Kira Bedeli				n	-100000/100	-100000/100	1970-01-01 00:00:00
===== END
===== START
===== END
===== START
C	8e24edcf414343c9b496c7815aaa3e3c	6dd536c4e6c94cc1ae8f757261be8c9f	2024-04-05 05:38:44	2019-12-25 12:43:45	2019-12-25 10:59:00	dc915ca945be4e72ab274fdae19390c0	ba301b88a00f4cd6b3b7431e4a004386		2020 1/8 Sny55 Kira Bedeli				n	0/1	0/100	1970-01-01 00:00:00
C	8e24edcf414343c9b496c7815aaa3e3c	db3a9a5efb63484981185ddadd350274	2024-04-05 05:38:44	2019-12-25 12:43:45	2019-12-25 10:59:00	dc915ca945be4e72ab274fdae19390c0	ba301b88a00f4cd6b3b7431e4a004386		2020 1/8 Sny55 Kira Bedeli				n	0/1	0/100	1970-01-01 00:00:00
===== END
===== START
B	8e24edcf414343c9b496c7815aaa3e3c	6dd536c4e6c94cc1ae8f757261be8c9f	2024-04-05 05:38:44	2019-12-25 12:43:45	2019-12-25 10:59:00	dc915ca945be4e72ab274fdae19390c0	ba301b88a00f4cd6b3b7431e4a004386		2020 1/8 Sny55 Kira Bedeli				n	0/1	0/100	1970-01-01 00:00:00
B	8e24edcf414343c9b496c7815aaa3e3c	db3a9a5efb63484981185ddadd350274	2024-04-05 05:38:44	2019-12-25 12:43:45	2019-12-25 10:59:00	dc915ca945be4e72ab274fdae19390c0	ba301b88a00f4cd6b3b7431e4a004386		2020 1/8 Sny55 Kira Bedeli				n	0/1	0/100	1970-01-01 00:00:00
===== END
===== START
C	8e24edcf414343c9b496c7815aaa3e3c	6dd536c4e6c94cc1ae8f757261be8c9f	2024-04-05 05:38:44	2024-04-05 05:38:44	2020-04-24 10:59:00	77fc17bb76f3477b993b48d95fc32cf0	127 Sny55 Habip Yıldırım		2020 1/8 Sny55 Kira Bedeli				n	100000/100	100000/100	1970-01-01 00:00:00
C	8e24edcf414343c9b496c7815aaa3e3c	db3a9a5efb63484981185ddadd350274	2024-04-05 05:38:44	2024-04-05 05:38:44	2020-04-24 10:59:00	9ee677e8d3a04ed78d0894f9f03a91c5	1 GLR Sny55		2020 1/8 Sny55 Kira Bedeli				n	-100000/100	-100000/100	1970-01-01 00:00:00
===== END
===== START
===== END
===== START
C	bb216fc4a1e94fe6ae94cd32126bf96e	3335c52d3e3b4a3897f3ba334e670ca5	2024-04-05 05:38:44	2019-12-25 12:43:45	2019-12-25 10:59:00	dc915ca945be4e72ab274fdae19390c0	ba301b88a00f4cd6b3b7431e4a004386		2020 1/8 Sny55 Kira Bedeli				n	0/1	0/100	1970-01-01 00:00:00
C	bb216fc4a1e94fe6ae94cd32126bf96e	9e265ee915a640efbc4e25562f4e2854	2024-04-05 05:38:44	2019-12-25 12:43:45	2019-12-25 10:59:00	dc915ca945be4e72ab274fdae19390c0	ba301b88a00f4cd6b3b7431e4a004386		2020 1/8 Sny55 Kira Bedeli				n	0/1	0/100	1970-01-01 00:00:00
===== END
===== START
B	bb216fc4a1e94fe6ae94cd32126bf96e	3335c52d3e3b4a3897f3ba334e670ca5	2024-04-05 05:38:44	2019-12-25 12:43:45	2019-12-25 10:59:00	dc915ca945be4e72ab274fdae19390c0	ba301b88a00f4cd6b3b7431e4a004386		2020 1/8 Sny55 Kira Bedeli				n	0/1	0/100	1970-01-01 00:00:00
B	bb216fc4a1e94fe6ae94cd32126bf96e	9e265ee915a640efbc4e25562f4e2854	2024-04-05 05:38:44	2019-12-25 12:43:45	2019-12-25 10:59:00	dc915ca945be4e72ab274fdae19390c0	ba301b88a00f4cd6b3b7431e4a004386		2020 1/8 Sny55 Kira Bedeli				n	0/1	0/100	1970-01-01 00:00:00
===== END
===== START
C	bb216fc4a1e94fe6ae94cd32126bf96e	3335c52d3e3b4a3897f3ba334e670ca5	2024-04-05 05:38:44	2024-04-05 05:38:44	2020-05-24 10:59:00	77fc17bb76f3477b993b48d95fc32cf0	127 Sny55 Habip Yıldırım		2020 1/8 Sny55 Kira Bedeli				n	100000/100	100000/100	1970-01-01 00:00:00
C	bb216fc4a1e94fe6ae94cd32126bf96e	9e265ee915a640efbc4e25562f4e2854	2024-04-05 05:38:44	2024-04-05 05:38:44	2020-05-24 10:59:00	9ee677e8d3a04ed78d0894f9f03a91c5	1 GLR Sny55		2020 1/8 Sny55 Kira Bedeli				n	-100000/100	-100000/100	1970-01-01 00:00:00
===== END
===== START
===== END
===== START
C	63377d1d9c27445ba3cd5a4b732b1444	696da474c82646409f1258737e450f0f	2024-04-05 05:38:44	2019-12-25 12:43:45	2019-12-25 10:59:00	dc915ca945be4e72ab274fdae19390c0	ba301b88a00f4cd6b3b7431e4a004386		2020 1/8 Sny55 Kira Bedeli				n	0/1	0/100	1970-01-01 00:00:00
C	63377d1d9c27445ba3cd5a4b732b1444	de9b649938cc4067b3a3973e9b6b5dba	2024-04-05 05:38:44	2019-12-25 12:43:45	2019-12-25 10:59:00	dc915ca945be4e72ab274fdae19390c0	ba301b88a00f4cd6b3b7431e4a004386		2020 1/8 Sny55 Kira Bedeli				n	0/1	0/100	1970-01-01 00:00:00
===== END
===== START
B	63377d1d9c27445ba3cd5a4b732b1444	696da474c82646409f1258737e450f0f	2024-04-05 05:38:44	2019-12-25 12:43:45	2019-12-25 10:59:00	dc915ca945be4e72ab274fdae19390c0	ba301b88a00f4cd6b3b7431e4a004386		2020 1/8 Sny55 Kira Bedeli				n	0/1	0/100	1970-01-01 00:00:00
B	63377d1d9c27445ba3cd5a4b732b1444	de9b649938cc4067b3a3973e9b6b5dba	2024-04-05 05:38:44	2019-12-25 12:43:45	2019-12-25 10:59:00	dc915ca945be4e72ab274fdae19390c0	ba301b88a00f4cd6b3b7431e4a004386		2020 1/8 Sny55 Kira Bedeli				n	0/1	0/100	1970-01-01 00:00:00
===== END
===== START
C	63377d1d9c27445ba3cd5a4b732b1444	696da474c82646409f1258737e450f0f	2024-04-05 05:38:44	2024-04-05 05:38:44	2020-06-24 10:59:00	77fc17bb76f3477b993b48d95fc32cf0	127 Sny55 Habip Yıldırım		2020 1/8 Sny55 Kira Bedeli				n	100000/100	100000/100	1970-01-01 00:00:00
C	63377d1d9c27445ba3cd5a4b732b1444	de9b649938cc4067b3a3973e9b6b5dba	2024-04-05 05:38:44	2024-04-05 05:38:44	2020-06-24 10:59:00	9ee677e8d3a04ed78d0894f9f03a91c5	1 GLR Sny55		2020 1/8 Sny55 Kira Bedeli				n	-100000/100	-100000/100	1970-01-01 00:00:00
===== END
===== START
===== END
===== START
C	d238c64d13314b158c73927e3090aa50	1eeb695f2f3d40c583461b1c5279222d	2024-04-05 05:38:44	2019-12-25 12:43:45	2019-12-25 10:59:00	dc915ca945be4e72ab274fdae19390c0	ba301b88a00f4cd6b3b7431e4a004386		2020 1/8 Sny55 Kira Bedeli				n	0/1	0/100	1970-01-01 00:00:00
C	d238c64d13314b158c73927e3090aa50	8efc4ec37be24ce8af7c33a1cab395f0	2024-04-05 05:38:44	2019-12-25 12:43:45	2019-12-25 10:59:00	dc915ca945be4e72ab274fdae19390c0	ba301b88a00f4cd6b3b7431e4a004386		2020 1/8 Sny55 Kira Bedeli				n	0/1	0/100	1970-01-01 00:00:00
===== END
===== START
B	d238c64d13314b158c73927e3090aa50	1eeb695f2f3d40c583461b1c5279222d	2024-04-05 05:38:44	2019-12-25 12:43:45	2019-12-25 10:59:00	dc915ca945be4e72ab274fdae19390c0	ba301b88a00f4cd6b3b7431e4a004386		2020 1/8 Sny55 Kira Bedeli				n	0/1	0/100	1970-01-01 00:00:00
B	d238c64d13314b158c73927e3090aa50	8efc4ec37be24ce8af7c33a1cab395f0	2024-04-05 05:38:44	2019-12-25 12:43:45	2019-12-25 10:59:00	dc915ca945be4e72ab274fdae19390c0	ba301b88a00f4cd6b3b7431e4a004386		2020 1/8 Sny55 Kira Bedeli				n	0/1	0/100	1970-01-01 00:00:00
===== END
===== START
C	d238c64d13314b158c73927e3090aa50	1eeb695f2f3d40c583461b1c5279222d	2024-04-05 05:38:44	2024-04-05 05:38:44	2020-07-24 10:59:00	77fc17bb76f3477b993b48d95fc32cf0	127 Sny55 Habip Yıldırım		2020 1/8 Sny55 Kira Bedeli				n	100000/100	100000/100	1970-01-01 00:00:00
C	d238c64d13314b158c73927e3090aa50	8efc4ec37be24ce8af7c33a1cab395f0	2024-04-05 05:38:44	2024-04-05 05:38:44	2020-07-24 10:59:00	9ee677e8d3a04ed78d0894f9f03a91c5	1 GLR Sny55		2020 1/8 Sny55 Kira Bedeli				n	-100000/100	-100000/100	1970-01-01 00:00:00
===== END
===== START
===== END
===== START
C	7b83b5cec3b443f7aa8e8aecc1e7b00b	bc3d35081f8b4624b2e478eef5119dd9	2024-04-05 05:38:44	2019-12-25 12:43:45	2019-12-25 10:59:00	dc915ca945be4e72ab274fdae19390c0	ba301b88a00f4cd6b3b7431e4a004386		2020 1/8 Sny55 Kira Bedeli				n	0/1	0/100	1970-01-01 00:00:00
C	7b83b5cec3b443f7aa8e8aecc1e7b00b	929fc08cad114a7d90e47d3c2ff70a25	2024-04-05 05:38:44	2019-12-25 12:43:45	2019-12-25 10:59:00	dc915ca945be4e72ab274fdae19390c0	ba301b88a00f4cd6b3b7431e4a004386		2020 1/8 Sny55 Kira Bedeli				n	0/1	0/100	1970-01-01 00:00:00
===== END
===== START
B	7b83b5cec3b443f7aa8e8aecc1e7b00b	bc3d35081f8b4624b2e478eef5119dd9	2024-04-05 05:38:44	2019-12-25 12:43:45	2019-12-25 10:59:00	dc915ca945be4e72ab274fdae19390c0	ba301b88a00f4cd6b3b7431e4a004386		2020 1/8 Sny55 Kira Bedeli				n	0/1	0/100	1970-01-01 00:00:00
B	7b83b5cec3b443f7aa8e8aecc1e7b00b	929fc08cad114a7d90e47d3c2ff70a25	2024-04-05 05:38:44	2019-12-25 12:43:45	2019-12-25 10:59:00	dc915ca945be4e72ab274fdae19390c0	ba301b88a00f4cd6b3b7431e4a004386		2020 1/8 Sny55 Kira Bedeli				n	0/1	0/100	1970-01-01 00:00:00
===== END
===== START
C	7b83b5cec3b443f7aa8e8aecc1e7b00b	bc3d35081f8b4624b2e478eef5119dd9	2024-04-05 05:38:44	2024-04-05 05:38:44	2020-08-24 10:59:00	77fc17bb76f3477b993b48d95fc32cf0	127 Sny55 Habip Yıldırım		2020 1/8 Sny55 Kira Bedeli				n	100000/100	100000/100	1970-01-01 00:00:00
C	7b83b5cec3b443f7aa8e8aecc1e7b00b	929fc08cad114a7d90e47d3c2ff70a25	2024-04-05 05:38:44	2024-04-05 05:38:44	2020-08-24 10:59:00	9ee677e8d3a04ed78d0894f9f03a91c5	1 GLR Sny55		2020 1/8 Sny55 Kira Bedeli				n	-100000/100	-100000/100	1970-01-01 00:00:00
===== END
