mod	trans_guid	split_guid	time_now	date_entered	date_posted	acc_guid	acc_name	num	description	notes	memo	action	reconciled	amount	value	date_reconciled
-----------------
===== START
===== END
===== START
C	d24bfb34c0e94f2e961fe65912767655	ad3f5e295887425282f707b9da10a0f8	2025-08-01 02:31:19	2019-12-25 11:47:33	2019-12-25 10:59:00	f9df8197d3194edfb63f3ba2eb17ebf6	73bac7009a4c42788ff6c52b08151fe5		Tzg Kira Ödemesi Ocak 2020 - Salih Kaymak				n	0/1	0/100	1970-01-01 00:00:00
C	d24bfb34c0e94f2e961fe65912767655	d3c0f848e0b14f1f9c0a1514d70e8819	2025-08-01 02:31:19	2019-12-25 11:47:33	2019-12-25 10:59:00	f9df8197d3194edfb63f3ba2eb17ebf6	73bac7009a4c42788ff6c52b08151fe5		Tzg Kira Ödemesi Ocak 2020 - Salih Kaymak				n	0/1	0/100	1970-01-01 00:00:00
===== END
===== START
B	d24bfb34c0e94f2e961fe65912767655	ad3f5e295887425282f707b9da10a0f8	2025-08-01 02:31:19	2019-12-25 11:47:33	2019-12-25 10:59:00	f9df8197d3194edfb63f3ba2eb17ebf6	73bac7009a4c42788ff6c52b08151fe5		Tzg Kira Ödemesi Ocak 2020 - Salih Kaymak				n	0/1	0/100	1970-01-01 00:00:00
B	d24bfb34c0e94f2e961fe65912767655	d3c0f848e0b14f1f9c0a1514d70e8819	2025-08-01 02:31:19	2019-12-25 11:47:33	2019-12-25 10:59:00	f9df8197d3194edfb63f3ba2eb17ebf6	73bac7009a4c42788ff6c52b08151fe5		Tzg Kira Ödemesi Ocak 2020 - Salih Kaymak				n	0/1	0/100	1970-01-01 00:00:00
===== END
===== START
C	d24bfb34c0e94f2e961fe65912767655	ad3f5e295887425282f707b9da10a0f8	2025-08-01 02:31:19	2025-08-01 02:31:19	2020-03-21 10:59:00	8db7671b8b2d47a0823b663e01ce6edc	2 TZG Salih Kaymak 		Tzg Kira Ödemesi Ocak 2020 - Salih Kaymak				n	80000/100	80000/100	1970-01-01 00:00:00
C	d24bfb34c0e94f2e961fe65912767655	d3c0f848e0b14f1f9c0a1514d70e8819	2025-08-01 02:31:19	2025-08-01 02:31:19	2020-03-21 10:59:00	3fe60e48253e4208b4394cab587558c9	2 GLR TZG		Tzg Kira Ödemesi Ocak 2020 - Salih Kaymak				n	-80000/100	-80000/100	1970-01-01 00:00:00
===== END
===== START
===== END
===== START
C	a7544fed41bf454db1992d1bb1107768	f0861445fe66405aa15c20f28389d623	2025-08-01 02:31:19	2019-12-25 11:47:33	2019-12-25 10:59:00	f9df8197d3194edfb63f3ba2eb17ebf6	73bac7009a4c42788ff6c52b08151fe5		Tzg Kira Ödemesi Ocak 2020 - Salih Kaymak				n	0/1	0/100	1970-01-01 00:00:00
C	a7544fed41bf454db1992d1bb1107768	f971d3691c1e4991a9dac72f92a0b12c	2025-08-01 02:31:19	2019-12-25 11:47:33	2019-12-25 10:59:00	f9df8197d3194edfb63f3ba2eb17ebf6	73bac7009a4c42788ff6c52b08151fe5		Tzg Kira Ödemesi Ocak 2020 - Salih Kaymak				n	0/1	0/100	1970-01-01 00:00:00
===== END
===== START
B	a7544fed41bf454db1992d1bb1107768	f0861445fe66405aa15c20f28389d623	2025-08-01 02:31:19	2019-12-25 11:47:33	2019-12-25 10:59:00	f9df8197d3194edfb63f3ba2eb17ebf6	73bac7009a4c42788ff6c52b08151fe5		Tzg Kira Ödemesi Ocak 2020 - Salih Kaymak				n	0/1	0/100	1970-01-01 00:00:00
B	a7544fed41bf454db1992d1bb1107768	f971d3691c1e4991a9dac72f92a0b12c	2025-08-01 02:31:19	2019-12-25 11:47:33	2019-12-25 10:59:00	f9df8197d3194edfb63f3ba2eb17ebf6	73bac7009a4c42788ff6c52b08151fe5		Tzg Kira Ödemesi Ocak 2020 - Salih Kaymak				n	0/1	0/100	1970-01-01 00:00:00
===== END
===== START
C	a7544fed41bf454db1992d1bb1107768	f0861445fe66405aa15c20f28389d623	2025-08-01 02:31:19	2025-08-01 02:31:19	2020-04-21 10:59:00	8db7671b8b2d47a0823b663e01ce6edc	2 TZG Salih Kaymak 		Tzg Kira Ödemesi Ocak 2020 - Salih Kaymak				n	80000/100	80000/100	1970-01-01 00:00:00
C	a7544fed41bf454db1992d1bb1107768	f971d3691c1e4991a9dac72f92a0b12c	2025-08-01 02:31:19	2025-08-01 02:31:19	2020-04-21 10:59:00	3fe60e48253e4208b4394cab587558c9	2 GLR TZG		Tzg Kira Ödemesi Ocak 2020 - Salih Kaymak				n	-80000/100	-80000/100	1970-01-01 00:00:00
===== END
===== START
===== END
===== START
C	ee69afe2627940948f099c7589770c04	49d7c1668d07405dada530bbbe76d7e9	2025-08-01 02:31:19	2019-12-25 12:43:45	2019-12-25 10:59:00	dc915ca945be4e72ab274fdae19390c0	ba301b88a00f4cd6b3b7431e4a004386		2020 1/8 Sny55 Kira Bedeli				n	0/1	0/100	1970-01-01 00:00:00
C	ee69afe2627940948f099c7589770c04	1caababa111b4928925656580f1a6ba0	2025-08-01 02:31:19	2019-12-25 12:43:45	2019-12-25 10:59:00	dc915ca945be4e72ab274fdae19390c0	ba301b88a00f4cd6b3b7431e4a004386		2020 1/8 Sny55 Kira Bedeli				n	0/1	0/100	1970-01-01 00:00:00
===== END
===== START
B	ee69afe2627940948f099c7589770c04	49d7c1668d07405dada530bbbe76d7e9	2025-08-01 02:31:19	2019-12-25 12:43:45	2019-12-25 10:59:00	dc915ca945be4e72ab274fdae19390c0	ba301b88a00f4cd6b3b7431e4a004386		2020 1/8 Sny55 Kira Bedeli				n	0/1	0/100	1970-01-01 00:00:00
B	ee69afe2627940948f099c7589770c04	1caababa111b4928925656580f1a6ba0	2025-08-01 02:31:19	2019-12-25 12:43:45	2019-12-25 10:59:00	dc915ca945be4e72ab274fdae19390c0	ba301b88a00f4cd6b3b7431e4a004386		2020 1/8 Sny55 Kira Bedeli				n	0/1	0/100	1970-01-01 00:00:00
===== END
===== START
C	ee69afe2627940948f099c7589770c04	49d7c1668d07405dada530bbbe76d7e9	2025-08-01 02:31:19	2025-08-01 02:31:19	2020-02-24 10:59:00	77fc17bb76f3477b993b48d95fc32cf0	127 Sny55 Habip Yıldırım		2020 1/8 Sny55 Kira Bedeli				n	100000/100	100000/100	1970-01-01 00:00:00
C	ee69afe2627940948f099c7589770c04	1caababa111b4928925656580f1a6ba0	2025-08-01 02:31:19	2025-08-01 02:31:19	2020-02-24 10:59:00	9ee677e8d3a04ed78d0894f9f03a91c5	1 GLR Sny55		2020 1/8 Sny55 Kira Bedeli				n	-100000/100	-100000/100	1970-01-01 00:00:00
===== END
===== START
===== END
===== START
C	8809ec538f62473da980d41accb3c03c	7b729152a16143caaf15649605ede503	2025-08-01 02:31:19	2019-12-25 12:43:45	2019-12-25 10:59:00	dc915ca945be4e72ab274fdae19390c0	ba301b88a00f4cd6b3b7431e4a004386		2020 1/8 Sny55 Kira Bedeli				n	0/1	0/100	1970-01-01 00:00:00
C	8809ec538f62473da980d41accb3c03c	ceefa06b8b854081987542de5f42a503	2025-08-01 02:31:19	2019-12-25 12:43:45	2019-12-25 10:59:00	dc915ca945be4e72ab274fdae19390c0	ba301b88a00f4cd6b3b7431e4a004386		2020 1/8 Sny55 Kira Bedeli				n	0/1	0/100	1970-01-01 00:00:00
===== END
===== START
B	8809ec538f62473da980d41accb3c03c	7b729152a16143caaf15649605ede503	2025-08-01 02:31:19	2019-12-25 12:43:45	2019-12-25 10:59:00	dc915ca945be4e72ab274fdae19390c0	ba301b88a00f4cd6b3b7431e4a004386		2020 1/8 Sny55 Kira Bedeli				n	0/1	0/100	1970-01-01 00:00:00
B	8809ec538f62473da980d41accb3c03c	ceefa06b8b854081987542de5f42a503	2025-08-01 02:31:19	2019-12-25 12:43:45	2019-12-25 10:59:00	dc915ca945be4e72ab274fdae19390c0	ba301b88a00f4cd6b3b7431e4a004386		2020 1/8 Sny55 Kira Bedeli				n	0/1	0/100	1970-01-01 00:00:00
===== END
===== START
C	8809ec538f62473da980d41accb3c03c	7b729152a16143caaf15649605ede503	2025-08-01 02:31:19	2025-08-01 02:31:19	2020-03-24 10:59:00	77fc17bb76f3477b993b48d95fc32cf0	127 Sny55 Habip Yıldırım		2020 1/8 Sny55 Kira Bedeli				n	100000/100	100000/100	1970-01-01 00:00:00
C	8809ec538f62473da980d41accb3c03c	ceefa06b8b854081987542de5f42a503	2025-08-01 02:31:19	2025-08-01 02:31:19	2020-03-24 10:59:00	9ee677e8d3a04ed78d0894f9f03a91c5	1 GLR Sny55		2020 1/8 Sny55 Kira Bedeli				n	-100000/100	-100000/100	1970-01-01 00:00:00
===== END
===== START
===== END
===== START
C	eaee097bc63a417ba9f6342b65ae55a8	cd2c1c7b43834bd3ad6595e931b3e2b0	2025-08-01 02:31:19	2019-12-25 12:43:45	2019-12-25 10:59:00	dc915ca945be4e72ab274fdae19390c0	ba301b88a00f4cd6b3b7431e4a004386		2020 1/8 Sny55 Kira Bedeli				n	0/1	0/100	1970-01-01 00:00:00
C	eaee097bc63a417ba9f6342b65ae55a8	6f0faf30bc834258beb4e126e5a17c6b	2025-08-01 02:31:19	2019-12-25 12:43:45	2019-12-25 10:59:00	dc915ca945be4e72ab274fdae19390c0	ba301b88a00f4cd6b3b7431e4a004386		2020 1/8 Sny55 Kira Bedeli				n	0/1	0/100	1970-01-01 00:00:00
===== END
===== START
B	eaee097bc63a417ba9f6342b65ae55a8	cd2c1c7b43834bd3ad6595e931b3e2b0	2025-08-01 02:31:19	2019-12-25 12:43:45	2019-12-25 10:59:00	dc915ca945be4e72ab274fdae19390c0	ba301b88a00f4cd6b3b7431e4a004386		2020 1/8 Sny55 Kira Bedeli				n	0/1	0/100	1970-01-01 00:00:00
B	eaee097bc63a417ba9f6342b65ae55a8	6f0faf30bc834258beb4e126e5a17c6b	2025-08-01 02:31:19	2019-12-25 12:43:45	2019-12-25 10:59:00	dc915ca945be4e72ab274fdae19390c0	ba301b88a00f4cd6b3b7431e4a004386		2020 1/8 Sny55 Kira Bedeli				n	0/1	0/100	1970-01-01 00:00:00
===== END
===== START
C	eaee097bc63a417ba9f6342b65ae55a8	cd2c1c7b43834bd3ad6595e931b3e2b0	2025-08-01 02:31:19	2025-08-01 02:31:19	2020-04-24 10:59:00	77fc17bb76f3477b993b48d95fc32cf0	127 Sny55 Habip Yıldırım		2020 1/8 Sny55 Kira Bedeli				n	100000/100	100000/100	1970-01-01 00:00:00
C	eaee097bc63a417ba9f6342b65ae55a8	6f0faf30bc834258beb4e126e5a17c6b	2025-08-01 02:31:19	2025-08-01 02:31:19	2020-04-24 10:59:00	9ee677e8d3a04ed78d0894f9f03a91c5	1 GLR Sny55		2020 1/8 Sny55 Kira Bedeli				n	-100000/100	-100000/100	1970-01-01 00:00:00
===== END
===== START
===== END
===== START
C	13ba8ba3f79c44648d282c7d524ac138	e47ab95c45854e83b61a4496448abcb9	2025-08-01 02:31:19	2019-12-25 12:43:45	2019-12-25 10:59:00	dc915ca945be4e72ab274fdae19390c0	ba301b88a00f4cd6b3b7431e4a004386		2020 1/8 Sny55 Kira Bedeli				n	0/1	0/100	1970-01-01 00:00:00
C	13ba8ba3f79c44648d282c7d524ac138	7cc89063622f4c3683b4d05587c62204	2025-08-01 02:31:19	2019-12-25 12:43:45	2019-12-25 10:59:00	dc915ca945be4e72ab274fdae19390c0	ba301b88a00f4cd6b3b7431e4a004386		2020 1/8 Sny55 Kira Bedeli				n	0/1	0/100	1970-01-01 00:00:00
===== END
===== START
B	13ba8ba3f79c44648d282c7d524ac138	e47ab95c45854e83b61a4496448abcb9	2025-08-01 02:31:19	2019-12-25 12:43:45	2019-12-25 10:59:00	dc915ca945be4e72ab274fdae19390c0	ba301b88a00f4cd6b3b7431e4a004386		2020 1/8 Sny55 Kira Bedeli				n	0/1	0/100	1970-01-01 00:00:00
B	13ba8ba3f79c44648d282c7d524ac138	7cc89063622f4c3683b4d05587c62204	2025-08-01 02:31:19	2019-12-25 12:43:45	2019-12-25 10:59:00	dc915ca945be4e72ab274fdae19390c0	ba301b88a00f4cd6b3b7431e4a004386		2020 1/8 Sny55 Kira Bedeli				n	0/1	0/100	1970-01-01 00:00:00
===== END
===== START
C	13ba8ba3f79c44648d282c7d524ac138	e47ab95c45854e83b61a4496448abcb9	2025-08-01 02:31:19	2025-08-01 02:31:19	2020-05-24 10:59:00	77fc17bb76f3477b993b48d95fc32cf0	127 Sny55 Habip Yıldırım		2020 1/8 Sny55 Kira Bedeli				n	100000/100	100000/100	1970-01-01 00:00:00
C	13ba8ba3f79c44648d282c7d524ac138	7cc89063622f4c3683b4d05587c62204	2025-08-01 02:31:19	2025-08-01 02:31:19	2020-05-24 10:59:00	9ee677e8d3a04ed78d0894f9f03a91c5	1 GLR Sny55		2020 1/8 Sny55 Kira Bedeli				n	-100000/100	-100000/100	1970-01-01 00:00:00
===== END
===== START
===== END
===== START
C	ea022b6cca77466aaea5585a055b16a4	848ef19b6f97473bb5d790a2dbbf5c0e	2025-08-01 02:31:19	2019-12-25 12:43:45	2019-12-25 10:59:00	dc915ca945be4e72ab274fdae19390c0	ba301b88a00f4cd6b3b7431e4a004386		2020 1/8 Sny55 Kira Bedeli				n	0/1	0/100	1970-01-01 00:00:00
C	ea022b6cca77466aaea5585a055b16a4	ac18f40d7f3b46b48bbedd5a4d211771	2025-08-01 02:31:19	2019-12-25 12:43:45	2019-12-25 10:59:00	dc915ca945be4e72ab274fdae19390c0	ba301b88a00f4cd6b3b7431e4a004386		2020 1/8 Sny55 Kira Bedeli				n	0/1	0/100	1970-01-01 00:00:00
===== END
===== START
B	ea022b6cca77466aaea5585a055b16a4	848ef19b6f97473bb5d790a2dbbf5c0e	2025-08-01 02:31:19	2019-12-25 12:43:45	2019-12-25 10:59:00	dc915ca945be4e72ab274fdae19390c0	ba301b88a00f4cd6b3b7431e4a004386		2020 1/8 Sny55 Kira Bedeli				n	0/1	0/100	1970-01-01 00:00:00
B	ea022b6cca77466aaea5585a055b16a4	ac18f40d7f3b46b48bbedd5a4d211771	2025-08-01 02:31:19	2019-12-25 12:43:45	2019-12-25 10:59:00	dc915ca945be4e72ab274fdae19390c0	ba301b88a00f4cd6b3b7431e4a004386		2020 1/8 Sny55 Kira Bedeli				n	0/1	0/100	1970-01-01 00:00:00
===== END
===== START
C	ea022b6cca77466aaea5585a055b16a4	848ef19b6f97473bb5d790a2dbbf5c0e	2025-08-01 02:31:19	2025-08-01 02:31:19	2020-06-24 10:59:00	77fc17bb76f3477b993b48d95fc32cf0	127 Sny55 Habip Yıldırım		2020 1/8 Sny55 Kira Bedeli				n	100000/100	100000/100	1970-01-01 00:00:00
C	ea022b6cca77466aaea5585a055b16a4	ac18f40d7f3b46b48bbedd5a4d211771	2025-08-01 02:31:19	2025-08-01 02:31:19	2020-06-24 10:59:00	9ee677e8d3a04ed78d0894f9f03a91c5	1 GLR Sny55		2020 1/8 Sny55 Kira Bedeli				n	-100000/100	-100000/100	1970-01-01 00:00:00
===== END
===== START
===== END
===== START
C	b9bdfc549cd84fbdac72b9123b9d62f2	a2bfad73d3eb45c29aec43e26fd24593	2025-08-01 02:31:19	2019-12-25 12:43:45	2019-12-25 10:59:00	dc915ca945be4e72ab274fdae19390c0	ba301b88a00f4cd6b3b7431e4a004386		2020 1/8 Sny55 Kira Bedeli				n	0/1	0/100	1970-01-01 00:00:00
C	b9bdfc549cd84fbdac72b9123b9d62f2	8f41de5d37ee4cffb790ea78bf80eddd	2025-08-01 02:31:19	2019-12-25 12:43:45	2019-12-25 10:59:00	dc915ca945be4e72ab274fdae19390c0	ba301b88a00f4cd6b3b7431e4a004386		2020 1/8 Sny55 Kira Bedeli				n	0/1	0/100	1970-01-01 00:00:00
===== END
===== START
B	b9bdfc549cd84fbdac72b9123b9d62f2	a2bfad73d3eb45c29aec43e26fd24593	2025-08-01 02:31:19	2019-12-25 12:43:45	2019-12-25 10:59:00	dc915ca945be4e72ab274fdae19390c0	ba301b88a00f4cd6b3b7431e4a004386		2020 1/8 Sny55 Kira Bedeli				n	0/1	0/100	1970-01-01 00:00:00
B	b9bdfc549cd84fbdac72b9123b9d62f2	8f41de5d37ee4cffb790ea78bf80eddd	2025-08-01 02:31:19	2019-12-25 12:43:45	2019-12-25 10:59:00	dc915ca945be4e72ab274fdae19390c0	ba301b88a00f4cd6b3b7431e4a004386		2020 1/8 Sny55 Kira Bedeli				n	0/1	0/100	1970-01-01 00:00:00
===== END
===== START
C	b9bdfc549cd84fbdac72b9123b9d62f2	a2bfad73d3eb45c29aec43e26fd24593	2025-08-01 02:31:19	2025-08-01 02:31:19	2020-07-24 10:59:00	77fc17bb76f3477b993b48d95fc32cf0	127 Sny55 Habip Yıldırım		2020 1/8 Sny55 Kira Bedeli				n	100000/100	100000/100	1970-01-01 00:00:00
C	b9bdfc549cd84fbdac72b9123b9d62f2	8f41de5d37ee4cffb790ea78bf80eddd	2025-08-01 02:31:19	2025-08-01 02:31:19	2020-07-24 10:59:00	9ee677e8d3a04ed78d0894f9f03a91c5	1 GLR Sny55		2020 1/8 Sny55 Kira Bedeli				n	-100000/100	-100000/100	1970-01-01 00:00:00
===== END
===== START
===== END
===== START
C	64371003680a4caba918e597d0ddeec5	967ba011b3ec40da8abac2a92d9a7c05	2025-08-01 02:31:19	2019-12-25 12:43:45	2019-12-25 10:59:00	dc915ca945be4e72ab274fdae19390c0	ba301b88a00f4cd6b3b7431e4a004386		2020 1/8 Sny55 Kira Bedeli				n	0/1	0/100	1970-01-01 00:00:00
C	64371003680a4caba918e597d0ddeec5	2544469ab76f40c985c6c89d4a215a9b	2025-08-01 02:31:19	2019-12-25 12:43:45	2019-12-25 10:59:00	dc915ca945be4e72ab274fdae19390c0	ba301b88a00f4cd6b3b7431e4a004386		2020 1/8 Sny55 Kira Bedeli				n	0/1	0/100	1970-01-01 00:00:00
===== END
===== START
B	64371003680a4caba918e597d0ddeec5	967ba011b3ec40da8abac2a92d9a7c05	2025-08-01 02:31:19	2019-12-25 12:43:45	2019-12-25 10:59:00	dc915ca945be4e72ab274fdae19390c0	ba301b88a00f4cd6b3b7431e4a004386		2020 1/8 Sny55 Kira Bedeli				n	0/1	0/100	1970-01-01 00:00:00
B	64371003680a4caba918e597d0ddeec5	2544469ab76f40c985c6c89d4a215a9b	2025-08-01 02:31:19	2019-12-25 12:43:45	2019-12-25 10:59:00	dc915ca945be4e72ab274fdae19390c0	ba301b88a00f4cd6b3b7431e4a004386		2020 1/8 Sny55 Kira Bedeli				n	0/1	0/100	1970-01-01 00:00:00
===== END
===== START
C	64371003680a4caba918e597d0ddeec5	967ba011b3ec40da8abac2a92d9a7c05	2025-08-01 02:31:19	2025-08-01 02:31:19	2020-08-24 10:59:00	77fc17bb76f3477b993b48d95fc32cf0	127 Sny55 Habip Yıldırım		2020 1/8 Sny55 Kira Bedeli				n	100000/100	100000/100	1970-01-01 00:00:00
C	64371003680a4caba918e597d0ddeec5	2544469ab76f40c985c6c89d4a215a9b	2025-08-01 02:31:19	2025-08-01 02:31:19	2020-08-24 10:59:00	9ee677e8d3a04ed78d0894f9f03a91c5	1 GLR Sny55		2020 1/8 Sny55 Kira Bedeli				n	-100000/100	-100000/100	1970-01-01 00:00:00
===== END
===== START
===== END
===== START
===== END
===== START
D	551965846e5c4b1e8a31f6fa8c5c4e4a	2842a24f5bef48c0ba2f5d35b4a09dec	2025-08-01 02:33:08	2025-08-01 02:33:08	2025-08-01 10:59:00								n	0/1	0/100	1970-01-01 00:00:00
===== END
===== START
D	2f148676a40d4e3b9cc9210462640234	020639e0df114ac182280ebb47c7e62b	2025-08-01 02:33:08	2025-08-01 02:33:08	2025-08-01 10:59:00								n	0/1	0/100	1970-01-01 00:00:00
===== END
